******************************************************************************
             TMS320C2000 Linker PC v22.6.1                     
******************************************************************************
>> Linked Sat Nov 25 14:47:10 2023

OUTPUT FILE NAME:   <watchdog_example.out>
ENTRY POINT SYMBOL: "code_start"  address: 00000000


MEMORY CONFIGURATION

         name            origin    length      used     unused   attr    fill
----------------------  --------  ---------  --------  --------  ----  --------
  BEGIN                 00000000   00000002  00000002  00000000  RWIX
  BOOT_RSVD             00000002   00000126  00000000  00000126  RWIX
  RAMM0                 00000128   000002d8  000000fe  000001da  RWIX
  RAMM1                 00000400   000003f8  00000200  000001f8  RWIX
  RAMLS0                00008000   00000800  00000800  00000000  RWIX
  RAMLS1                00008800   00000800  000007c2  0000003e  RWIX
  RAMLS2                00009000   00000800  00000000  00000800  RWIX
  RAMLS3                00009800   00000800  00000000  00000800  RWIX
  RAMLS4                0000a000   00000800  00000000  00000800  RWIX
  RAMLS5                0000a800   00000800  000003d7  00000429  RWIX
  RAMLS6_7              0000b000   00001000  00000000  00001000  RWIX
  RAMGS0                0000c000   00001000  00000000  00001000  RWIX
  RAMGS1                0000d000   00001000  00000000  00001000  RWIX
  RAMGS2                0000e000   00001000  00000000  00001000  RWIX
  RAMGS3                0000f000   00000ff8  00000000  00000ff8  RWIX
  FLASH_BANK0_SEC0      00080002   00000ffe  00000000  00000ffe  RWIX
  FLASH_BANK0_SEC1      00081000   00001000  00000000  00001000  RWIX
  FLASH_BANK0_SEC2      00082000   00001000  00000000  00001000  RWIX
  FLASH_BANK0_SEC3      00083000   00001000  00000000  00001000  RWIX
  FLASH_BANK0_SEC4      00084000   00001000  00000000  00001000  RWIX
  FLASH_BANK0_SEC5      00085000   00001000  00000000  00001000  RWIX
  FLASH_BANK0_SEC6      00086000   00001000  00000000  00001000  RWIX
  FLASH_BANK0_SEC7      00087000   00001000  00000000  00001000  RWIX
  FLASH_BANK0_SEC8      00088000   00001000  00000000  00001000  RWIX
  FLASH_BANK0_SEC9      00089000   00001000  00000000  00001000  RWIX
  FLASH_BANK0_SEC10     0008a000   00001000  00000000  00001000  RWIX
  FLASH_BANK0_SEC11     0008b000   00001000  00000000  00001000  RWIX
  FLASH_BANK0_SEC12     0008c000   00001000  00000000  00001000  RWIX
  FLASH_BANK0_SEC13     0008d000   00001000  00000000  00001000  RWIX
  FLASH_BANK0_SEC14     0008e000   00001000  00000000  00001000  RWIX
  FLASH_BANK0_SEC15     0008f000   00001000  00000000  00001000  RWIX
  FLASH_BANK1_SEC0      00090000   00001000  00000000  00001000  RWIX
  FLASH_BANK1_SEC1      00091000   00001000  00000000  00001000  RWIX
  FLASH_BANK1_SEC2      00092000   00001000  00000000  00001000  RWIX
  FLASH_BANK1_SEC3      00093000   00001000  00000000  00001000  RWIX
  FLASH_BANK1_SEC4      00094000   00001000  00000000  00001000  RWIX
  FLASH_BANK1_SEC5      00095000   00001000  00000000  00001000  RWIX
  FLASH_BANK1_SEC6      00096000   00001000  00000000  00001000  RWIX
  FLASH_BANK1_SEC7      00097000   00001000  00000000  00001000  RWIX
  FLASH_BANK1_SEC8      00098000   00001000  00000000  00001000  RWIX
  FLASH_BANK1_SEC9      00099000   00001000  00000000  00001000  RWIX
  FLASH_BANK1_SEC10     0009a000   00001000  00000000  00001000  RWIX
  FLASH_BANK1_SEC11     0009b000   00001000  00000000  00001000  RWIX
  FLASH_BANK1_SEC12     0009c000   00001000  00000000  00001000  RWIX
  FLASH_BANK1_SEC13     0009d000   00001000  00000000  00001000  RWIX
  FLASH_BANK1_SEC14     0009e000   00001000  00000000  00001000  RWIX
  FLASH_BANK1_SEC15     0009f000   00001000  00000000  00001000  RWIX
  FLASH_BANK2_SEC0      000a0000   00001000  00000000  00001000  RWIX
  FLASH_BANK2_SEC1      000a1000   00001000  00000000  00001000  RWIX
  FLASH_BANK2_SEC2      000a2000   00001000  00000000  00001000  RWIX
  FLASH_BANK2_SEC3      000a3000   00001000  00000000  00001000  RWIX
  FLASH_BANK2_SEC4      000a4000   00001000  00000000  00001000  RWIX
  FLASH_BANK2_SEC5      000a5000   00001000  00000000  00001000  RWIX
  FLASH_BANK2_SEC6      000a6000   00001000  00000000  00001000  RWIX
  FLASH_BANK2_SEC7      000a7000   00001000  00000000  00001000  RWIX
  FLASH_BANK2_SEC8      000a8000   00001000  00000000  00001000  RWIX
  FLASH_BANK2_SEC9      000a9000   00001000  00000000  00001000  RWIX
  FLASH_BANK2_SEC10     000aa000   00001000  00000000  00001000  RWIX
  FLASH_BANK2_SEC11     000ab000   00001000  00000000  00001000  RWIX
  FLASH_BANK2_SEC12     000ac000   00001000  00000000  00001000  RWIX
  FLASH_BANK2_SEC13     000ad000   00001000  00000000  00001000  RWIX
  FLASH_BANK2_SEC14     000ae000   00001000  00000000  00001000  RWIX
  FLASH_BANK2_SEC15     000af000   00000ff0  00000000  00000ff0  RWIX
  SECURE_ROM            003f2000   00006000  00000000  00006000  RWIX
  BOOTROM               003f8000   00007fc0  00000000  00007fc0  RWIX
  RESET                 003fffc0   00000002  00000000  00000002  RWIX


SECTION ALLOCATION MAP

 output                                  attributes/
section   page    origin      length       input sections
--------  ----  ----------  ----------   ----------------
codestart 
*          0    00000000    00000002     
                  00000000    00000002     f28003x_codestartbranch.obj (codestart)

.TI.ramfunc 
*          0    00000128    000000e4     
                  00000128    0000003e     watchdog_example.obj (.TI.ramfunc:wakeupISR)
                  00000166    0000002c     driverlib.lib : flash.obj (.TI.ramfunc:Flash_setBankPowerMode)
                  00000192    00000020                   : flash.obj (.TI.ramfunc:Flash_powerDown)
                  000001b2    00000020                   : flash.obj (.TI.ramfunc:Flash_wakeFromLPM)
                  000001d2    0000001d                   : flash.obj (.TI.ramfunc:Flash_setPumpPowerMode)
                  000001ef    0000000e     watchdog_example.obj (.TI.ramfunc:enterLPM)
                  000001fd    0000000b     watchdog_example.obj (.TI.ramfunc:SysCtl_enterIdleMode)
                  00000208    00000004     driverlib.lib : sysctl.obj (.TI.ramfunc)

.cinit     0    0000020c    0000001a     
                  0000020c    00000008     (.cinit..data.load) [load image, compression = lzss]
                  00000214    00000006     (__TI_handler_table)
                  0000021a    00000004     (.cinit..bss.load) [load image, compression = zero_init]
                  0000021e    00000008     (__TI_cinit_table)

.reset     0    003fffc0    00000000     DSECT

.stack     0    00000400    00000200     UNINITIALIZED
                  00000400    00000200     --HOLE--

.bss       0    0000a800    0000000a     UNINITIALIZED
                  0000a800    0000000a     watchdog_example.obj (.bss)

.init_array 
*          0    00000128    00000000     UNINITIALIZED

.data      0    0000a80a    0000000a     UNINITIALIZED
                  0000a80a    00000006     rts2800_fpu32_eabi.lib : exit.c.obj (.data)
                  0000a810    00000002                            : _lock.c.obj (.data:_lock)
                  0000a812    00000002                            : _lock.c.obj (.data:_unlock)

.const     0    0000a814    000003c3     
                  0000a814    00000114     board.obj (.const:.string)
                  0000a928    0000009b     driverlib.lib : flash.obj (.const:.string)
                  0000a9c3    00000001     --HOLE-- [fill = 0]
                  0000a9c4    0000009a                   : sysctl.obj (.const:.string)
                  0000aa5e    00000098                   : gpio.obj (.const:.string)
                  0000aaf6    00000088     watchdog_example.obj (.const:.string)
                  0000ab7e    00000059     device.obj (.const:.string)

.text.1    0    00008000    00000800     
                  00008000    00000120     driverlib.lib : sysctl.obj (.text:SysCtl_setClock)
                  00008120    000000fe                   : sysctl.obj (.text:SysCtl_isPLLValid)
                  0000821e    000000ce     device.obj (.text:Device_enableAllPeripherals)
                  000082ec    000000ae     watchdog_example.obj (.text:main)
                  0000839a    00000088     rts2800_fpu32_eabi.lib : fs_div28.asm.obj (.text)
                  00008422    00000073     driverlib.lib : sysctl.obj (.text:DCC_setCounterSeeds)
                  00008495    0000006a                   : gpio.obj (.text:GPIO_setAnalogMode)
                  000084ff    00000068     board.obj (.text:ADC0_init)
                  00008567    00000065     driverlib.lib : sysctl.obj (.text:SysCtl_getClock)
                  000085cc    00000052                   : gpio.obj (.text:GPIO_setPadConfig)
                  0000861e    00000049                   : sysctl.obj (.text:SysCtl_selectOscSource)
                  00008667    00000045                   : sysctl.obj (.text:SysCtl_pollX1Counter)
                  000086ac    0000003e     device.obj (.text:Device_init)
                  000086ea    0000003d     driverlib.lib : interrupt.obj (.text:Interrupt_initModule)
                  00008727    0000003d                   : sysctl.obj (.text:SysCtl_selectXTAL)
                  00008764    00000037                   : gpio.obj (.text:GPIO_setControllerCore)
                  0000879b    00000037                   : gpio.obj (.text:GPIO_setPinConfig)
                  000087d2    0000002e     board.obj (.text:ADC_setInterruptSOCTrigger)

.text.2    0    00008800    000007c2     
                  00008800    00000037     driverlib.lib : gpio.obj (.text:GPIO_setQualificationMode)
                  00008837    00000037                   : interrupt.obj (.text:Interrupt_enable)
                  0000886e    00000036     board.obj (.text:ADC_setupSOC)
                  000088a4    00000031     driverlib.lib : gpio.obj (.text:GPIO_setDirectionMode)
                  000088d5    00000030     rts2800_fpu32_eabi.lib : copy_decompress_lzss.c.obj (.text:decompress:lzss)
                  00008905    0000002f     watchdog_example.obj (.text:ADC_conversion)
                  00008934    0000002f     board.obj (.text:ADC_setInterruptSource)
                  00008963    0000002b     rts2800_fpu32_eabi.lib : autoinit.c.obj (.text:__TI_auto_init_nobinit_nopinit)
                  0000898e    0000002a     board.obj (.text:XBAR_setInputPin)
                  000089b8    00000029     rts2800_fpu32_eabi.lib : exit.c.obj (.text)
                  000089e1    00000028     driverlib.lib : adc.obj (.text:ADC_setOffsetTrimAll)
                  00008a09    00000027     board.obj (.text:GPIO_writePin)
                  00008a30    00000027     watchdog_example.obj (.text:GPIO_writePin)
                  00008a57    00000024     driverlib.lib : sysctl.obj (.text:DCC_enableSingleShotMode)
                  00008a7b    00000023     watchdog_example.obj (.text:GPIO_readPin)
                  00008a9e    00000022     board.obj (.text:PinMux_init)
                  00008ac0    00000021     board.obj (.text:ADC_disableContinuousMode)
                  00008ae1    00000020     board.obj (.text:ADC_enableInterrupt)
                  00008b01    00000020     driverlib.lib : sysctl.obj (.text:SysCtl_selectXTALSingleEnded)
                  00008b21    0000001f     watchdog_example.obj (.text:GPIO_togglePin)
                  00008b40    0000001e     driverlib.lib : sysctl.obj (.text:DCC_setCounter0ClkSource)
                  00008b5e    0000001e                   : sysctl.obj (.text:DCC_setCounter1ClkSource)
                  00008b7c    0000001e                   : interrupt.obj (.text:Interrupt_initVectorTable)
                  00008b9a    0000001d     watchdog_example.obj (.text:ADC_getInterruptStatus)
                  00008bb7    0000001d     rts2800_fpu32_eabi.lib : memcpy.c.obj (.text)
                  00008bd4    0000001c     board.obj (.text:ADC_setSOCPriority)
                  00008bf0    0000001b     board.obj (.text:XBAR_isBaseValid)
                  00008c0b    0000001a     watchdog_example.obj (.text:ADC_readResult)
                  00008c25    0000001a     board.obj (.text:ASysCtl_setAnalogReference1P65)
                  00008c3f    0000001a     driverlib.lib : sysctl.obj (.text:SysCtl_getLowSpeedClock)
                  00008c59    00000018     board.obj (.text:ASysCtl_setAnalogReferenceInternal)
                  00008c71    00000017     board.obj (.text:ADC_isBaseValid)
                  00008c88    00000017     watchdog_example.obj (.text:ADC_isBaseValid)
                  00008c9f    00000017     device.obj (.text:SysCtl_enablePeripheral)
                  00008cb6    00000017     driverlib.lib : sysctl.obj (.text:SysCtl_enablePeripheral)
                  00008ccd    00000017     board.obj (.text:myGPIO0_init)
                  00008ce4    00000017     rts2800_fpu32_eabi.lib : boot28.asm.obj (.text)
                  00008cfb    00000016     board.obj (.text:ADC_setInterruptPulseMode)
                  00008d11    00000016     board.obj (.text:ADC_setPrescaler)
                  00008d27    00000016     driverlib.lib : sysctl.obj (.text:DCC_disableDoneSignal)
                  00008d3d    00000016                   : interrupt.obj (.text:Interrupt_defaultHandler)
                  00008d53    00000016     watchdog_example.obj (.text:SysCtl_setWatchdogMode)
                  00008d69    00000015     board.obj (.text:ADC_disableBurstMode)
                  00008d7e    00000015     driverlib.lib : sysctl.obj (.text:DCC_clearDoneFlag)
                  00008d93    00000015                   : sysctl.obj (.text:DCC_clearErrorFlag)
                  00008da8    00000015                   : sysctl.obj (.text:DCC_disableErrorSignal)
                  00008dbd    00000015                   : sysctl.obj (.text:DCC_isBaseValid)
                  00008dd2    00000015     device.obj (.text:GPIO_unlockPortConfig)
                  00008de7    00000014     board.obj (.text:ADC_clearInterruptStatus)
                  00008dfb    00000014     watchdog_example.obj (.text:ADC_clearInterruptStatus)
                  00008e0f    00000014     driverlib.lib : sysctl.obj (.text:DCC_disableModule)
                  00008e23    00000014                   : sysctl.obj (.text:DCC_enableModule)
                  00008e37    00000014     board.obj (.text:GPIO_isPinValid)
                  00008e4b    00000014     driverlib.lib : gpio.obj (.text:GPIO_isPinValid)
                  00008e5f    00000014     watchdog_example.obj (.text:GPIO_isPinValid)
                  00008e73    00000014     driverlib.lib : sysctl.obj (.text:SysCtl_setPLLSysClk)
                  00008e87    00000013     board.obj (.text:ADC_enableConverter)
                  00008e9a    00000010     device.obj (.text:Device_initGPIO)
                  00008eaa    00000010     driverlib.lib : flash.obj (.text:Flash_isCtrlBaseValid)
                  00008eba    0000000f     watchdog_example.obj (.text:Interrupt_register)
                  00008ec9    0000000f     watchdog_example.obj (.text:SysCtl_setWatchdogPrescaler)
                  00008ed8    0000000d     board.obj (.text:Board_init)
                  00008ee5    0000000d     driverlib.lib : interrupt.obj (.text:Interrupt_disableGlobal)
                  00008ef2    0000000d                   : interrupt.obj (.text:Interrupt_enableGlobal)
                  00008eff    0000000d     device.obj (.text:SysCtl_setLowSpeedClock)
                  00008f0c    0000000d     rts2800_fpu32_eabi.lib : copy_zero_init.c.obj (.text:decompress:ZI:__TI_zero_init_nomemset)
                  00008f19    0000000c                            : args_main.c.obj (.text)
                  00008f25    0000000b     driverlib.lib : sysctl.obj (.text:SysCtl_isMCDClockFailureDetected)
                  00008f30    0000000a                   : interrupt.obj (.text:Interrupt_illegalOperationHandler)
                  00008f3a    0000000a                   : interrupt.obj (.text:Interrupt_nmiHandler)
                  00008f44    0000000a     watchdog_example.obj (.text:SysCtl_enableWatchdog)
                  00008f4e    00000009     board.obj (.text:ASYSCTL_init)
                  00008f57    00000009     watchdog_example.obj (.text:SysCtl_serviceWatchdog)
                  00008f60    00000009     rts2800_fpu32_eabi.lib : _lock.c.obj (.text)
                  00008f69    00000008     device.obj (.text:SysCtl_disableWatchdog)
                  00008f71    00000008     rts2800_fpu32_eabi.lib : copy_decompress_none.c.obj (.text:decompress:none)
                  00008f79    00000008     f28003x_codestartbranch.obj (.text)
                  00008f81    00000007     board.obj (.text:ASysCtl_disableTemperatureSensor)
                  00008f88    00000007     device.obj (.text:ASysCtl_lockVREG)
                  00008f8f    00000007     driverlib.lib : sysctl.obj (.text:SysCtl_resetMCD)
                  00008f96    00000007     device.obj (.text:__error__)
                  00008f9d    00000007     board.obj (.text:myINPUTXBARINPUT0_init)
                  00008fa4    00000006     watchdog_example.obj (.text:Interrupt_clearACKGroup)
                  00008faa    00000004     device.obj (.text:SysCtl_deviceCal)
                  00008fae    00000004     watchdog_example.obj (.text:blink1)
                  00008fb2    00000004     watchdog_example.obj (.text:blink2)
                  00008fb6    00000003     board.obj (.text:ADC_init)
                  00008fb9    00000003     board.obj (.text:GPIO_init)
                  00008fbc    00000003     board.obj (.text:INPUTXBAR_init)
                  00008fbf    00000002     rts2800_fpu32_eabi.lib : pre_init.c.obj (.text)
                  00008fc1    00000001                            : startup.c.obj (.text)

MODULE SUMMARY

       Module                        code   ro data   rw data
       ------                        ----   -------   -------
    .\
       watchdog_example.obj          616    136       10     
    +--+-----------------------------+------+---------+---------+
       Total:                        616    136       10     
                                                             
    .\device\
       device.obj                    367    89        0      
       f28003x_codestartbranch.obj   10     0         0      
    +--+-----------------------------+------+---------+---------+
       Total:                        377    89        0      
                                                             
    .\syscfg\
       board.obj                     751    276       0      
    +--+-----------------------------+------+---------+---------+
       Total:                        751    276       0      
                                                             
    C:/ti/c2000/C2000Ware_5_01_00_00/driverlib/f28003x/driverlib/ccs/Debug/driverlib.lib
       sysctl.obj                    1326   154       0      
       gpio.obj                      422    152       0      
       flash.obj                     153    155       0      
       interrupt.obj                 214    0         0      
       adc.obj                       40     0         0      
    +--+-----------------------------+------+---------+---------+
       Total:                        2155   461       0      
                                                             
    C:\ti\ccs1250\ccs\tools\compiler\ti-cgt-c2000_22.6.1.LTS\lib\rts2800_fpu32_eabi.lib
       fs_div28.asm.obj              136    0         0      
       copy_decompress_lzss.c.obj    48     0         0      
       exit.c.obj                    41     0         6      
       autoinit.c.obj                43     0         0      
       memcpy.c.obj                  29     0         0      
       boot28.asm.obj                23     0         0      
       _lock.c.obj                   9      0         4      
       copy_zero_init.c.obj          13     0         0      
       args_main.c.obj               12     0         0      
       copy_decompress_none.c.obj    8      0         0      
       pre_init.c.obj                2      0         0      
       startup.c.obj                 1      0         0      
    +--+-----------------------------+------+---------+---------+
       Total:                        365    0         10     
                                                             
       Stack:                        0      0         512    
       Linker Generated:             0      26        0      
    +--+-----------------------------+------+---------+---------+
       Grand Total:                  4264   988       532    


LINKER GENERATED COPY TABLES

__TI_cinit_table @ 0000021e records: 2, size/record: 4, table size: 8
	.data: load addr=0000020c, load size=00000008 bytes, run addr=0000a80a, run size=0000000a bytes, compression=lzss
	.bss: load addr=0000021a, load size=00000004 bytes, run addr=0000a800, run size=0000000a bytes, compression=zero_init


LINKER GENERATED HANDLER TABLE

__TI_handler_table @ 00000214 records: 3, size/record: 2, table size: 6
	index: 0, handler: __TI_zero_init
	index: 1, handler: __TI_decompress_lzss
	index: 2, handler: __TI_decompress_none


GLOBAL DATA SYMBOLS: SORTED BY DATA PAGE

address     data page           name
--------    ----------------    ----
00000400      10 (00000400)     __stack

0000a800     2a0 (0000a800)     ADC_enable
0000a801     2a0 (0000a800)     VINGD
0000a802     2a0 (0000a800)     firstReconnection
0000a803     2a0 (0000a800)     firstConnection
0000a804     2a0 (0000a800)     isLPM
0000a805     2a0 (0000a800)     res0
0000a806     2a0 (0000a800)     res1
0000a807     2a0 (0000a800)     res2
0000a808     2a0 (0000a800)     timer
0000a80a     2a0 (0000a800)     __TI_enable_exit_profile_output
0000a80c     2a0 (0000a800)     __TI_cleanup_ptr
0000a80e     2a0 (0000a800)     __TI_dtors_ptr
0000a810     2a0 (0000a800)     _lock
0000a812     2a0 (0000a800)     _unlock


GLOBAL SYMBOLS: SORTED ALPHABETICALLY BY Name 

page  address   name                             
----  -------   ----                             
0     000084ff  ADC0_init                        
0     00008905  ADC_conversion                   
0     0000a800  ADC_enable                       
0     00008fb6  ADC_init                         
0     000089e1  ADC_setOffsetTrimAll             
0     00008f4e  ASYSCTL_init                     
0     00008ed8  Board_init                       
0     000089b8  C$$EXIT                          
0     0000821e  Device_enableAllPeripherals      
0     000086ac  Device_init                      
0     00008e9a  Device_initGPIO                  
0     00000192  Flash_powerDown                  
0     000001b2  Flash_wakeFromLPM                
0     00008fb9  GPIO_init                        
0     00008495  GPIO_setAnalogMode               
0     00008764  GPIO_setControllerCore           
0     000088a4  GPIO_setDirectionMode            
0     000085cc  GPIO_setPadConfig                
0     0000879b  GPIO_setPinConfig                
0     00008800  GPIO_setQualificationMode        
0     00008fbc  INPUTXBAR_init                   
0     00008d3d  Interrupt_defaultHandler         
0     00008837  Interrupt_enable                 
0     00008f30  Interrupt_illegalOperationHandler
0     000086ea  Interrupt_initModule             
0     00008b7c  Interrupt_initVectorTable        
0     00008f3a  Interrupt_nmiHandler             
0     00008a9e  PinMux_init                      
0     00000208  SysCtl_delay                     
0     00008567  SysCtl_getClock                  
0     00008c3f  SysCtl_getLowSpeedClock          
0     00008120  SysCtl_isPLLValid                
0     0000861e  SysCtl_selectOscSource           
0     00008727  SysCtl_selectXTAL                
0     00008b01  SysCtl_selectXTALSingleEnded     
0     00008000  SysCtl_setClock                  
0     0000a801  VINGD                            
0     0000021e  __TI_CINIT_Base                  
0     00000226  __TI_CINIT_Limit                 
0     00000226  __TI_CINIT_Warm                  
0     00000214  __TI_Handler_Table_Base          
0     0000021a  __TI_Handler_Table_Limit         
0     00000600  __TI_STACK_END                   
abs   00000200  __TI_STACK_SIZE                  
0     00008963  __TI_auto_init_nobinit_nopinit   
0     0000a80c  __TI_cleanup_ptr                 
0     000088d5  __TI_decompress_lzss             
0     00008f71  __TI_decompress_none             
0     0000a80e  __TI_dtors_ptr                   
0     0000a80a  __TI_enable_exit_profile_output  
abs   ffffffff  __TI_pprof_out_hndl              
abs   ffffffff  __TI_prof_data_size              
abs   ffffffff  __TI_prof_data_start             
0     00008f0c  __TI_zero_init_nomemset          
0     0000839a  __c28xabi_divf                   
n/a   UNDEFED   __c_args__                       
0     00008f96  __error__                        
0     00000400  __stack                          
0     00008f19  _args_main                       
0     00008ce4  _c_int00                         
0     0000a810  _lock                            
0     00008f68  _nop                             
0     00008f64  _register_lock                   
0     00008f60  _register_unlock                 
0     00008fc1  _system_post_cinit               
0     00008fbf  _system_pre_init                 
0     0000a812  _unlock                          
0     000089b8  abort                            
0     00008fae  blink1                           
0     00008fb2  blink2                           
0     00000000  code_start                       
0     000001ef  enterLPM                         
0     000089ba  exit                             
0     0000a803  firstConnection                  
0     0000a802  firstReconnection                
0     0000a804  isLPM                            
0     000082ec  main                             
0     00008bb7  memcpy                           
0     00008ccd  myGPIO0_init                     
0     00008f9d  myINPUTXBARINPUT0_init           
0     0000a805  res0                             
0     0000a806  res1                             
0     0000a807  res2                             
0     0000a808  timer                            
0     00000128  wakeupISR                        


GLOBAL SYMBOLS: SORTED BY Symbol Address 

page  address   name                             
----  -------   ----                             
0     00000000  code_start                       
0     00000128  wakeupISR                        
0     00000192  Flash_powerDown                  
0     000001b2  Flash_wakeFromLPM                
0     000001ef  enterLPM                         
0     00000208  SysCtl_delay                     
0     00000214  __TI_Handler_Table_Base          
0     0000021a  __TI_Handler_Table_Limit         
0     0000021e  __TI_CINIT_Base                  
0     00000226  __TI_CINIT_Limit                 
0     00000226  __TI_CINIT_Warm                  
0     00000400  __stack                          
0     00000600  __TI_STACK_END                   
0     00008000  SysCtl_setClock                  
0     00008120  SysCtl_isPLLValid                
0     0000821e  Device_enableAllPeripherals      
0     000082ec  main                             
0     0000839a  __c28xabi_divf                   
0     00008495  GPIO_setAnalogMode               
0     000084ff  ADC0_init                        
0     00008567  SysCtl_getClock                  
0     000085cc  GPIO_setPadConfig                
0     0000861e  SysCtl_selectOscSource           
0     000086ac  Device_init                      
0     000086ea  Interrupt_initModule             
0     00008727  SysCtl_selectXTAL                
0     00008764  GPIO_setControllerCore           
0     0000879b  GPIO_setPinConfig                
0     00008800  GPIO_setQualificationMode        
0     00008837  Interrupt_enable                 
0     000088a4  GPIO_setDirectionMode            
0     000088d5  __TI_decompress_lzss             
0     00008905  ADC_conversion                   
0     00008963  __TI_auto_init_nobinit_nopinit   
0     000089b8  C$$EXIT                          
0     000089b8  abort                            
0     000089ba  exit                             
0     000089e1  ADC_setOffsetTrimAll             
0     00008a9e  PinMux_init                      
0     00008b01  SysCtl_selectXTALSingleEnded     
0     00008b7c  Interrupt_initVectorTable        
0     00008bb7  memcpy                           
0     00008c3f  SysCtl_getLowSpeedClock          
0     00008ccd  myGPIO0_init                     
0     00008ce4  _c_int00                         
0     00008d3d  Interrupt_defaultHandler         
0     00008e9a  Device_initGPIO                  
0     00008ed8  Board_init                       
0     00008f0c  __TI_zero_init_nomemset          
0     00008f19  _args_main                       
0     00008f30  Interrupt_illegalOperationHandler
0     00008f3a  Interrupt_nmiHandler             
0     00008f4e  ASYSCTL_init                     
0     00008f60  _register_unlock                 
0     00008f64  _register_lock                   
0     00008f68  _nop                             
0     00008f71  __TI_decompress_none             
0     00008f96  __error__                        
0     00008f9d  myINPUTXBARINPUT0_init           
0     00008fae  blink1                           
0     00008fb2  blink2                           
0     00008fb6  ADC_init                         
0     00008fb9  GPIO_init                        
0     00008fbc  INPUTXBAR_init                   
0     00008fbf  _system_pre_init                 
0     00008fc1  _system_post_cinit               
0     0000a800  ADC_enable                       
0     0000a801  VINGD                            
0     0000a802  firstReconnection                
0     0000a803  firstConnection                  
0     0000a804  isLPM                            
0     0000a805  res0                             
0     0000a806  res1                             
0     0000a807  res2                             
0     0000a808  timer                            
0     0000a80a  __TI_enable_exit_profile_output  
0     0000a80c  __TI_cleanup_ptr                 
0     0000a80e  __TI_dtors_ptr                   
0     0000a810  _lock                            
0     0000a812  _unlock                          
abs   00000200  __TI_STACK_SIZE                  
abs   ffffffff  __TI_pprof_out_hndl              
abs   ffffffff  __TI_prof_data_size              
abs   ffffffff  __TI_prof_data_start             
n/a   UNDEFED   __c_args__                       

[85 symbols]
